[2026-05-22 11:42:38.552255649] [INF] [main] CPU frequency (calibrated): 2.600 GHz
[2026-05-22 11:42:38.552515772] [INF] [main] bind cpu 0 successfully
[2026-05-22 11:42:38.567120843] [INF] [bitunix] [initialize] [MarketData], websocket endpoint: fapi.bitunix.com /public/ 443
[2026-05-22 11:42:38.567125293] [INF] [bitunix] [initialize] [Execution], websocket endpoint: fapi.bitunix.com /private/ 443
[2026-05-22 11:42:38.814802667] [INF] [bitunix] [fetch_pairs_info] [success], size: 561
[2026-05-22 11:42:38.814827207] [INF] [main] fetch_pairs_info result: {"symbol":"btc-usdt","trading_min_base":0.0001,"step_size_base":0.0001,"step_size_quote":0.1,"min_size_quote":1,"denomination_value":1,"alias":""}
[2026-05-22 11:42:38.814828007] [INF] [main] fetch_pairs_info result: {"symbol":"eth-usdt","trading_min_base":0.003,"step_size_base":0.001,"step_size_quote":0.01,"min_size_quote":1,"denomination_value":1,"alias":""}
[2026-05-22 11:42:38.814828477] [INF] [main] fetch_pairs_info result: {"symbol":"xrp-usdt","trading_min_base":2,"step_size_base":0.1,"step_size_quote":0.0001,"min_size_quote":1,"denomination_value":1,"alias":""}
[2026-05-22 11:42:38.814828817] [INF] [main] fetch_pairs_info result: {"symbol":"bnb-usdt","trading_min_base":0.01,"step_size_base":0.01,"step_size_quote":0.01,"min_size_quote":1,"denomination_value":1,"alias":""}
[2026-05-22 11:42:38.814829127] [INF] [main] fetch_pairs_info result: {"symbol":"sol-usdt","trading_min_base":0.1,"step_size_base":0.01,"step_size_quote":0.01,"min_size_quote":1,"denomination_value":1,"alias":""}
[2026-05-22 11:42:39.025629099] [INF] [bitunix] [on_connect] [Execution], msg: WebSocket connection established
[2026-05-22 11:42:39.025737820] [INF] [bitunix] [on_message] [Execution] [success], msg: {"op":"connect","data":{"result":true}}
[2026-05-22 11:42:39.183043718] [INF] [bitunix] [on_message] [Execution] [success], msg: {"op":"login","data":{"nonce":"ACBGXb7wW93I30974ND9lNaL3aKHbzQ0","result":true}}
[2026-05-22 11:42:41.567230533] [INF] [bitunix] [subscribe_orderbook], msg: establishing 1 WebSocket connections
[2026-05-22 11:42:42.079010032] [INF] [bitunix] [on_connect] [MarketData], msg: WebSocket connection established, index: 0
[2026-05-22 11:42:42.079012042] [INF] [bitunix] [subscribe_orderbook], connection index: 0, send: {"op":"subscribe","args":[{"ch":"depth_book1","symbol":"BTCUSDT"},{"ch":"depth_book1","symbol":"ETHUSDT"},{"ch":"depth_book1","symbol":"XRPUSDT"},{"ch":"depth_book1","symbol":"BNBUSDT"},{"ch":"depth_book1","symbol":"SOLUSDT"}]}
[2026-05-22 11:42:42.079047163] [INF] [bitunix] [MarketData] [success], msg: {"op":"connect","data":{"result":true}}
[2026-05-22 11:42:42.253588255] [INF] [bitunix] [place_order], send: {"symbol":"BTCUSDT","orderType":"LIMIT","side":"SELL","reduceOnly":false,"effect":"IOC","qty":"0.001","price":"81174.40000000001","clientId":"1779450162253"}
[2026-05-22 11:42:42.656213567] [INF] [bitunix] [on_message] [order], recv: {"ch":"order","ts":1779450162577,"data":{"event":"CREATE","symbol":"BTCUSDT","orderId":"2057789244399521792","positionType":"CROSS","positionMode":"ONE_WAY","side":"Sell","effect":"IOC","type":"Limit","qty":"0.001","price":"81174.5","ctime":"2026-05-22T11:42:42.401616000Z","mtime":"2026-05-22T11:42:42.573676000Z","leverage":"30","orderStatus":"NEW","fee":"0","averagePrice":"0","dealAmount":"0","clientId":"1779450162253"}}
[2026-05-22 11:42:42.666585580] [INF] [bitunix] [on_message] [order], recv: {"ch":"order","ts":1779450162587,"data":{"event":"CLOSE","symbol":"BTCUSDT","orderId":"2057789244399521792","positionType":"CROSS","positionMode":"ONE_WAY","side":"Sell","effect":"IOC","type":"Limit","qty":"0.001","price":"81174.5","ctime":"2026-05-22T11:42:42.401616000Z","mtime":"2026-05-22T11:42:42.573904000Z","leverage":"30","orderStatus":"CANCELED","fee":"0","averagePrice":"0","dealAmount":"0","clientId":"1779450162253"}}
[2026-05-22 11:42:42.788871096] [INF] [bitunix] [place_order] [success], recv: {"code":0,"data":{"orderId":"2057789244399521792","clientId":"1779450162253"},"msg":"Success"}
[2026-05-22 11:42:42.788875486] [INF] place_order callback result: OK
[2026-05-22 11:42:47.275970484] [INF] [bitunix] [place_order], send: {"symbol":"BNBUSDT","orderType":"LIMIT","side":"SELL","reduceOnly":false,"effect":"IOC","qty":"0.1","price":"689.94","clientId":"1779450167275"}
[2026-05-22 11:42:47.686486262] [INF] [bitunix] [on_message] [order], recv: {"ch":"order","ts":1779450167607,"data":{"event":"CREATE","symbol":"BNBUSDT","orderId":"2057789265538846720","positionType":"CROSS","positionMode":"ONE_WAY","side":"Sell","effect":"IOC","type":"Limit","qty":"0.1","price":"689.94","ctime":"2026-05-22T11:42:47.440461000Z","mtime":"2026-05-22T11:42:47.598343000Z","leverage":"20","orderStatus":"NEW","fee":"0","averagePrice":"0","dealAmount":"0","clientId":"1779450167275"}}
[2026-05-22 11:42:47.686489642] [INF] [bitunix] [on_message] [order], recv: {"ch":"order","ts":1779450167607,"data":{"event":"CLOSE","symbol":"BNBUSDT","orderId":"2057789265538846720","positionType":"CROSS","positionMode":"ONE_WAY","side":"Sell","effect":"IOC","type":"Limit","qty":"0.1","price":"689.94","ctime":"2026-05-22T11:42:47.440461000Z","mtime":"2026-05-22T11:42:47.600692000Z","leverage":"20","orderStatus":"CANCELED","fee":"0","averagePrice":"0","dealAmount":"0","clientId":"1779450167275"}}
[2026-05-22 11:42:47.823267714] [INF] [bitunix] [place_order] [success], recv: {"code":0,"data":{"orderId":"2057789265538846720","clientId":"1779450167275"},"msg":"Success"}
[2026-05-22 11:42:47.823268804] [INF] place_order callback result: OK
[2026-05-22 11:42:52.287546902] [INF] [bitunix] [place_order], send: {"symbol":"BNBUSDT","orderType":"LIMIT","side":"SELL","reduceOnly":false,"effect":"IOC","qty":"0.1","price":"689.9","clientId":"1779450172287"}
[2026-05-22 11:42:52.676048170] [INF] [bitunix] [on_message] [order], recv: {"ch":"order","ts":1779450172597,"data":{"event":"CREATE","symbol":"BNBUSDT","orderId":"2057789286501945344","positionType":"CROSS","positionMode":"ONE_WAY","side":"Sell","effect":"IOC","type":"Limit","qty":"0.1","price":"689.9","ctime":"2026-05-22T11:42:52.439685000Z","mtime":"2026-05-22T11:42:52.587601000Z","leverage":"20","orderStatus":"NEW","fee":"0","averagePrice":"0","dealAmount":"0","clientId":"1779450172287"}}
[2026-05-22 11:42:52.676178532] [INF] [bitunix] [on_message] [order], recv: {"ch":"order","ts":1779450172597,"data":{"event":"CLOSE","symbol":"BNBUSDT","orderId":"2057789286501945344","positionType":"CROSS","positionMode":"ONE_WAY","side":"Sell","effect":"IOC","type":"Limit","qty":"0.1","price":"689.9","ctime":"2026-05-22T11:42:52.439685000Z","mtime":"2026-05-22T11:42:52.587822000Z","leverage":"20","orderStatus":"CANCELED","fee":"0","averagePrice":"0","dealAmount":"0","clientId":"1779450172287"}}
[2026-05-22 11:42:52.825530512] [INF] [bitunix] [place_order] [success], recv: {"code":0,"data":{"orderId":"2057789286501945344","clientId":"1779450172287"},"msg":"Success"}
[2026-05-22 11:42:52.825531662] [INF] place_order callback result: OK
[2026-05-22 11:42:57.372749127] [INF] [bitunix] [place_order], send: {"symbol":"XRPUSDT","orderType":"LIMIT","side":"SELL","reduceOnly":false,"effect":"IOC","qty":"1","price":"1.4240000000000002","clientId":"1779450177372"}
[2026-05-22 11:42:57.608885395] [WRN] [bitunix] [place_order] [fail], recv: {"code":30016,"data":null,"msg":"The amount should be larger than 2 XRP"}
[2026-05-22 11:42:57.608889835] [WRN] place_order callback failed, because: TOO_SMALL_SIZE, TOO_SMALL_SIZE, {"code":30016,"data":null,"msg":"The amount should be larger than 2 XRP"}
[2026-05-22 11:43:02.417759057] [INF] [bitunix] [place_order], send: {"symbol":"BTCUSDT","orderType":"LIMIT","side":"SELL","reduceOnly":false,"effect":"IOC","qty":"0.001","price":"81169.3","clientId":"1779450182417"}
[2026-05-22 11:43:02.835850152] [INF] [bitunix] [on_message] [order], recv: {"ch":"order","ts":1779450182756,"data":{"event":"CREATE","symbol":"BTCUSDT","orderId":"2057789329032192000","positionType":"CROSS","positionMode":"ONE_WAY","side":"Sell","effect":"IOC","type":"Limit","qty":"0.001","price":"81169.3","ctime":"2026-05-22T11:43:02.578510000Z","mtime":"2026-05-22T11:43:02.753824000Z","leverage":"30","orderStatus":"NEW","fee":"0","averagePrice":"0","dealAmount":"0","clientId":"1779450182417"}}
[2026-05-22 11:43:02.846457659] [INF] [bitunix] [on_message] [order], recv: {"ch":"order","ts":1779450182766,"data":{"event":"CLOSE","symbol":"BTCUSDT","orderId":"2057789329032192000","positionType":"CROSS","positionMode":"ONE_WAY","side":"Sell","effect":"IOC","type":"Limit","qty":"0.001","price":"81169.3","ctime":"2026-05-22T11:43:02.578510000Z","mtime":"2026-05-22T11:43:02.754018000Z","leverage":"30","orderStatus":"CANCELED","fee":"0","averagePrice":"0","dealAmount":"0","clientId":"1779450182417"}}
[2026-05-22 11:43:02.963187039] [INF] [bitunix] [place_order] [success], recv: {"code":0,"data":{"orderId":"2057789329032192000","clientId":"1779450182417"},"msg":"Success"}
[2026-05-22 11:43:02.963188549] [INF] place_order callback result: OK
[2026-05-22 11:43:07.494194648] [INF] [bitunix] [place_order], send: {"symbol":"SOLUSDT","orderType":"LIMIT","side":"SELL","reduceOnly":false,"effect":"IOC","qty":"0.1","price":"91.27","clientId":"1779450187494"}
[2026-05-22 11:43:07.896054189] [INF] [bitunix] [on_message] [order], recv: {"ch":"order","ts":1779450187816,"data":{"event":"CREATE","symbol":"SOLUSDT","orderId":"2057789350309900288","positionType":"CROSS","positionMode":"ONE_WAY","side":"Sell","effect":"IOC","type":"Limit","qty":"0.1","price":"91.27","ctime":"2026-05-22T11:43:07.651619000Z","mtime":"2026-05-22T11:43:07.805655000Z","leverage":"20","orderStatus":"NEW","fee":"0","averagePrice":"0","dealAmount":"0","clientId":"1779450187494"}}
[2026-05-22 11:43:07.896120750] [INF] [bitunix] [on_message] [order], recv: {"ch":"order","ts":1779450187817,"data":{"event":"CLOSE","symbol":"SOLUSDT","orderId":"2057789350309900288","positionType":"CROSS","positionMode":"ONE_WAY","side":"Sell","effect":"IOC","type":"Limit","qty":"0.1","price":"91.27","ctime":"2026-05-22T11:43:07.651619000Z","mtime":"2026-05-22T11:43:07.807997000Z","leverage":"20","orderStatus":"CANCELED","fee":"0","averagePrice":"0","dealAmount":"0","clientId":"1779450187494"}}
[2026-05-22 11:43:08.040502129] [INF] [bitunix] [place_order] [success], recv: {"code":0,"data":{"orderId":"2057789350309900288","clientId":"1779450187494"},"msg":"Success"}
[2026-05-22 11:43:08.040503429] [INF] place_order callback result: OK
[2026-05-22 11:43:12.527173342] [INF] [bitunix] [place_order], send: {"symbol":"BTCUSDT","orderType":"LIMIT","side":"SELL","reduceOnly":false,"effect":"IOC","qty":"0.001","price":"81169.3","clientId":"1779450192527"}
[2026-05-22 11:43:12.945867352] [INF] [bitunix] [on_message] [order], recv: {"ch":"order","ts":1779450192866,"data":{"event":"CREATE","symbol":"BTCUSDT","orderId":"2057789371403055104","positionType":"CROSS","positionMode":"ONE_WAY","side":"Sell","effect":"IOC","type":"Limit","qty":"0.001","price":"81169.3","ctime":"2026-05-22T11:43:12.681272000Z","mtime":"2026-05-22T11:43:12.863949000Z","leverage":"30","orderStatus":"NEW","fee":"0","averagePrice":"0","dealAmount":"0","clientId":"1779450192527"}}
[2026-05-22 11:43:12.955777513] [INF] [bitunix] [on_message] [order], recv: {"ch":"order","ts":1779450192876,"data":{"event":"CLOSE","symbol":"BTCUSDT","orderId":"2057789371403055104","positionType":"CROSS","positionMode":"ONE_WAY","side":"Sell","effect":"IOC","type":"Limit","qty":"0.001","price":"81169.3","ctime":"2026-05-22T11:43:12.681272000Z","mtime":"2026-05-22T11:43:12.864150000Z","leverage":"30","orderStatus":"CANCELED","fee":"0","averagePrice":"0","dealAmount":"0","clientId":"1779450192527"}}
[2026-05-22 11:43:13.074234048] [INF] [bitunix] [place_order] [success], recv: {"code":0,"data":{"orderId":"2057789371403055104","clientId":"1779450192527"},"msg":"Success"}
[2026-05-22 11:43:13.074235818] [INF] place_order callback result: OK
[2026-05-22 11:43:17.583467514] [INF] [bitunix] [place_order], send: {"symbol":"BTCUSDT","orderType":"LIMIT","side":"SELL","reduceOnly":false,"effect":"IOC","qty":"0.001","price":"81169.3","clientId":"1779450197583"}
[2026-05-22 11:43:17.990763033] [INF] [bitunix] [place_order] [success], recv: {"code":0,"data":{"orderId":"2057789392336826368","clientId":"1779450197583"},"msg":"Success"}
[2026-05-22 11:43:17.990767293] [INF] place_order callback result: OK
[2026-05-22 11:43:18.005979987] [INF] [bitunix] [on_message] [order], recv: {"ch":"order","ts":1779450197926,"data":{"event":"CREATE","symbol":"BTCUSDT","orderId":"2057789392336826368","positionType":"CROSS","positionMode":"ONE_WAY","side":"Sell","effect":"IOC","type":"Limit","qty":"0.001","price":"81169.3","ctime":"2026-05-22T11:43:17.671551000Z","mtime":"2026-05-22T11:43:17.922947000Z","leverage":"30","orderStatus":"NEW","fee":"0","averagePrice":"0","dealAmount":"0","clientId":"1779450197583"}}
[2026-05-22 11:43:18.016001679] [INF] [bitunix] [on_message] [order], recv: {"ch":"order","ts":1779450197936,"data":{"event":"CLOSE","symbol":"BTCUSDT","orderId":"2057789392336826368","positionType":"CROSS","positionMode":"ONE_WAY","side":"Sell","effect":"IOC","type":"Limit","qty":"0.001","price":"81169.3","ctime":"2026-05-22T11:43:17.671551000Z","mtime":"2026-05-22T11:43:17.923190000Z","leverage":"30","orderStatus":"CANCELED","fee":"0","averagePrice":"0","dealAmount":"0","clientId":"1779450197583"}}
[2026-05-22 11:43:22.650398605] [INF] [bitunix] [place_order], send: {"symbol":"BNBUSDT","orderType":"LIMIT","side":"SELL","reduceOnly":false,"effect":"IOC","qty":"0.1","price":"689.94","clientId":"1779450202650"}
[2026-05-22 11:43:23.056027869] [INF] [bitunix] [on_message] [order], recv: {"ch":"order","ts":1779450202976,"data":{"event":"CREATE","symbol":"BNBUSDT","orderId":"2057789413878726656","positionType":"CROSS","positionMode":"ONE_WAY","side":"Sell","effect":"IOC","type":"Limit","qty":"0.1","price":"689.94","ctime":"2026-05-22T11:43:22.807949000Z","mtime":"2026-05-22T11:43:22.967589000Z","leverage":"20","orderStatus":"NEW","fee":"0","averagePrice":"0","dealAmount":"0","clientId":"1779450202650"}}
[2026-05-22 11:43:23.056050700] [INF] [bitunix] [on_message] [order], recv: {"ch":"order","ts":1779450202976,"data":{"event":"CLOSE","symbol":"BNBUSDT","orderId":"2057789413878726656","positionType":"CROSS","positionMode":"ONE_WAY","side":"Sell","effect":"IOC","type":"Limit","qty":"0.1","price":"689.94","ctime":"2026-05-22T11:43:22.807949000Z","mtime":"2026-05-22T11:43:22.967786000Z","leverage":"20","orderStatus":"CANCELED","fee":"0","averagePrice":"0","dealAmount":"0","clientId":"1779450202650"}}
[2026-05-22 11:43:23.196990990] [INF] [bitunix] [place_order] [success], recv: {"code":0,"data":{"orderId":"2057789413878726656","clientId":"1779450202650"},"msg":"Success"}
[2026-05-22 11:43:23.196992710] [INF] place_order callback result: OK
[2026-05-22 11:43:27.651491007] [INF] [bitunix] [place_order], send: {"symbol":"ETHUSDT","orderType":"LIMIT","side":"SELL","reduceOnly":false,"effect":"IOC","qty":"0.01","price":"2231.54","clientId":"1779450207651"}
[2026-05-22 11:43:28.036708470] [INF] [bitunix] [on_message] [order], recv: {"ch":"order","ts":1779450207957,"data":{"event":"CREATE","symbol":"ETHUSDT","orderId":"2057789434799915008","positionType":"CROSS","positionMode":"ONE_WAY","side":"Sell","effect":"IOC","type":"Limit","qty":"0.01","price":"2231.54","ctime":"2026-05-22T11:43:27.796045000Z","mtime":"2026-05-22T11:43:27.954936000Z","leverage":"20","orderStatus":"NEW","fee":"0","averagePrice":"0","dealAmount":"0","clientId":"1779450207651"}}
[2026-05-22 11:43:28.045883802] [INF] [bitunix] [on_message] [order], recv: {"ch":"order","ts":1779450207966,"data":{"event":"CLOSE","symbol":"ETHUSDT","orderId":"2057789434799915008","positionType":"CROSS","positionMode":"ONE_WAY","side":"Sell","effect":"IOC","type":"Limit","qty":"0.01","price":"2231.54","ctime":"2026-05-22T11:43:27.796045000Z","mtime":"2026-05-22T11:43:27.957307000Z","leverage":"20","orderStatus":"CANCELED","fee":"0","averagePrice":"0","dealAmount":"0","clientId":"1779450207651"}}
[2026-05-22 11:43:28.184156780] [INF] [bitunix] [place_order] [success], recv: {"code":0,"data":{"orderId":"2057789434799915008","clientId":"1779450207651"},"msg":"Success"}
[2026-05-22 11:43:28.184158380] [INF] place_order callback result: OK
[2026-05-22 11:43:32.656621542] [INF] [bitunix] [place_order], send: {"symbol":"SOLUSDT","orderType":"LIMIT","side":"SELL","reduceOnly":false,"effect":"IOC","qty":"0.1","price":"91.27","clientId":"1779450212656"}
[2026-05-22 11:43:33.086248377] [INF] [bitunix] [on_message] [order], recv: {"ch":"order","ts":1779450213007,"data":{"event":"CREATE","symbol":"SOLUSDT","orderId":"2057789455834394624","positionType":"CROSS","positionMode":"ONE_WAY","side":"Sell","effect":"IOC","type":"Limit","qty":"0.1","price":"91.27","ctime":"2026-05-22T11:43:32.810755000Z","mtime":"2026-05-22T11:43:32.995463000Z","leverage":"20","orderStatus":"NEW","fee":"0","averagePrice":"0","dealAmount":"0","clientId":"1779450212656"}}
[2026-05-22 11:43:33.086264147] [INF] [bitunix] [on_message] [order], recv: {"ch":"order","ts":1779450213007,"data":{"event":"CLOSE","symbol":"SOLUSDT","orderId":"2057789455834394624","positionType":"CROSS","positionMode":"ONE_WAY","side":"Sell","effect":"IOC","type":"Limit","qty":"0.1","price":"91.27","ctime":"2026-05-22T11:43:32.810755000Z","mtime":"2026-05-22T11:43:32.997836000Z","leverage":"20","orderStatus":"CANCELED","fee":"0","averagePrice":"0","dealAmount":"0","clientId":"1779450212656"}}
[2026-05-22 11:43:33.199997577] [INF] [bitunix] [place_order] [success], recv: {"code":0,"data":{"orderId":"2057789455834394624","clientId":"1779450212656"},"msg":"Success"}
[2026-05-22 11:43:33.199998927] [INF] place_order callback result: OK
[2026-05-22 11:43:37.708287221] [INF] [bitunix] [place_order], send: {"symbol":"ETHUSDT","orderType":"LIMIT","side":"SELL","reduceOnly":false,"effect":"IOC","qty":"0.01","price":"2231.57","clientId":"1779450217708"}
[2026-05-22 11:43:38.086412463] [INF] [bitunix] [on_message] [order], recv: {"ch":"order","ts":1779450218007,"data":{"event":"CREATE","symbol":"ETHUSDT","orderId":"2057789477028225024","positionType":"CROSS","positionMode":"ONE_WAY","side":"Sell","effect":"IOC","type":"Limit","qty":"0.01","price":"2231.57","ctime":"2026-05-22T11:43:37.862727000Z","mtime":"2026-05-22T11:43:38.004186000Z","leverage":"20","orderStatus":"NEW","fee":"0","averagePrice":"0","dealAmount":"0","clientId":"1779450217708"}}
[2026-05-22 11:43:38.096046341] [INF] [bitunix] [on_message] [order], recv: {"ch":"order","ts":1779450218016,"data":{"event":"CLOSE","symbol":"ETHUSDT","orderId":"2057789477028225024","positionType":"CROSS","positionMode":"ONE_WAY","side":"Sell","effect":"IOC","type":"Limit","qty":"0.01","price":"2231.57","ctime":"2026-05-22T11:43:37.862727000Z","mtime":"2026-05-22T11:43:38.007952000Z","leverage":"20","orderStatus":"CANCELED","fee":"0","averagePrice":"0","dealAmount":"0","clientId":"1779450217708"}}
[2026-05-22 11:43:38.247346070] [INF] [bitunix] [place_order] [success], recv: {"code":0,"data":{"orderId":"2057789477028225024","clientId":"1779450217708"},"msg":"Success"}
[2026-05-22 11:43:38.247347630] [INF] place_order callback result: OK
[2026-05-22 11:43:42.890759126] [INF] [bitunix] [place_order], send: {"symbol":"BTCUSDT","orderType":"LIMIT","side":"SELL","reduceOnly":false,"effect":"IOC","qty":"0.001","price":"81169.3","clientId":"1779450222890"}
[2026-05-22 11:43:43.245897769] [INF] [bitunix] [on_message] [order], recv: {"ch":"order","ts":1779450223166,"data":{"event":"CREATE","symbol":"BTCUSDT","orderId":"2057789498758901760","positionType":"CROSS","positionMode":"ONE_WAY","side":"Sell","effect":"IOC","type":"Limit","qty":"0.001","price":"81169.3","ctime":"2026-05-22T11:43:43.044981000Z","mtime":"2026-05-22T11:43:43.163581000Z","leverage":"30","orderStatus":"NEW","fee":"0","averagePrice":"0","dealAmount":"0","clientId":"1779450222890"}}
[2026-05-22 11:43:43.256359534] [INF] [bitunix] [on_message] [order], recv: {"ch":"order","ts":1779450223177,"data":{"event":"CLOSE","symbol":"BTCUSDT","orderId":"2057789498758901760","positionType":"CROSS","positionMode":"ONE_WAY","side":"Sell","effect":"IOC","type":"Limit","qty":"0.001","price":"81169.3","ctime":"2026-05-22T11:43:43.044981000Z","mtime":"2026-05-22T11:43:43.163842000Z","leverage":"30","orderStatus":"CANCELED","fee":"0","averagePrice":"0","dealAmount":"0","clientId":"1779450222890"}}
[2026-05-22 11:43:43.439531087] [INF] [bitunix] [place_order] [success], recv: {"code":0,"data":{"orderId":"2057789498758901760","clientId":"1779450222890"},"msg":"Success"}
[2026-05-22 11:43:43.439532847] [INF] place_order callback result: OK
[2026-05-22 11:43:47.957289445] [INF] [bitunix] [place_order], send: {"symbol":"BTCUSDT","orderType":"LIMIT","side":"SELL","reduceOnly":false,"effect":"IOC","qty":"0.001","price":"81171.6","clientId":"1779450227957"}
[2026-05-22 11:43:48.365742488] [INF] [bitunix] [on_message] [order], recv: {"ch":"order","ts":1779450228286,"data":{"event":"CREATE","symbol":"BTCUSDT","orderId":"2057789520040759296","positionType":"CROSS","positionMode":"ONE_WAY","side":"Sell","effect":"IOC","type":"Limit","qty":"0.001","price":"81171.6","ctime":"2026-05-22T11:43:48.120370000Z","mtime":"2026-05-22T11:43:48.283322000Z","leverage":"30","orderStatus":"NEW","fee":"0","averagePrice":"0","dealAmount":"0","clientId":"1779450227957"}}
[2026-05-22 11:43:48.376453186] [INF] [bitunix] [on_message] [order], recv: {"ch":"order","ts":1779450228297,"data":{"event":"CLOSE","symbol":"BTCUSDT","orderId":"2057789520040759296","positionType":"CROSS","positionMode":"ONE_WAY","side":"Sell","effect":"IOC","type":"Limit","qty":"0.001","price":"81171.6","ctime":"2026-05-22T11:43:48.120370000Z","mtime":"2026-05-22T11:43:48.283518000Z","leverage":"30","orderStatus":"CANCELED","fee":"0","averagePrice":"0","dealAmount":"0","clientId":"1779450227957"}}
[2026-05-22 11:43:48.510148479] [INF] [bitunix] [place_order] [success], recv: {"code":0,"data":{"orderId":"2057789520040759296","clientId":"1779450227957"},"msg":"Success"}
[2026-05-22 11:43:48.510149949] [INF] place_order callback result: OK
[2026-05-22 11:43:52.965803532] [INF] [bitunix] [place_order], send: {"symbol":"ETHUSDT","orderType":"LIMIT","side":"SELL","reduceOnly":false,"effect":"IOC","qty":"0.01","price":"2231.26","clientId":"1779450232965"}
[2026-05-22 11:43:53.365758919] [INF] [bitunix] [on_message] [order], recv: {"ch":"order","ts":1779450233286,"data":{"event":"CREATE","symbol":"ETHUSDT","orderId":"2057789540978724864","positionType":"CROSS","positionMode":"ONE_WAY","side":"Sell","effect":"IOC","type":"Limit","qty":"0.01","price":"2231.26","ctime":"2026-05-22T11:43:53.112589000Z","mtime":"2026-05-22T11:43:53.275063000Z","leverage":"20","orderStatus":"NEW","fee":"0","averagePrice":"0","dealAmount":"0","clientId":"1779450232965"}}
[2026-05-22 11:43:53.365763759] [INF] [bitunix] [on_message] [order], recv: {"ch":"order","ts":1779450233286,"data":{"event":"CLOSE","symbol":"ETHUSDT","orderId":"2057789540978724864","positionType":"CROSS","positionMode":"ONE_WAY","side":"Sell","effect":"IOC","type":"Limit","qty":"0.01","price":"2231.26","ctime":"2026-05-22T11:43:53.112589000Z","mtime":"2026-05-22T11:43:53.275261000Z","leverage":"20","orderStatus":"CANCELED","fee":"0","averagePrice":"0","dealAmount":"0","clientId":"1779450232965"}}
[2026-05-22 11:43:53.501125589] [INF] [bitunix] [place_order] [success], recv: {"code":0,"data":{"orderId":"2057789540978724864","clientId":"1779450232965"},"msg":"Success"}
[2026-05-22 11:43:53.501127389] [INF] place_order callback result: OK
[2026-05-22 11:43:57.991910676] [INF] [bitunix] [place_order], send: {"symbol":"XRPUSDT","orderType":"LIMIT","side":"SELL","reduceOnly":false,"effect":"IOC","qty":"1","price":"1.4233","clientId":"1779450237991"}
[2026-05-22 11:43:58.204696619] [WRN] [bitunix] [place_order] [fail], recv: {"code":30016,"data":null,"msg":"The amount should be larger than 2 XRP"}
[2026-05-22 11:43:58.204703169] [WRN] place_order callback failed, because: TOO_SMALL_SIZE, TOO_SMALL_SIZE, {"code":30016,"data":null,"msg":"The amount should be larger than 2 XRP"}
[2026-05-22 11:44:02.996691749] [INF] [bitunix] [place_order], send: {"symbol":"BNBUSDT","orderType":"LIMIT","side":"SELL","reduceOnly":false,"effect":"IOC","qty":"0.1","price":"689.8100000000001","clientId":"1779450242996"}
[2026-05-22 11:44:03.415817629] [INF] [bitunix] [on_message] [order], recv: {"ch":"order","ts":1779450243336,"data":{"event":"CREATE","symbol":"BNBUSDT","orderId":"2057789583118938112","positionType":"CROSS","positionMode":"ONE_WAY","side":"Sell","effect":"IOC","type":"Limit","qty":"0.1","price":"689.82","ctime":"2026-05-22T11:44:03.157687000Z","mtime":"2026-05-22T11:44:03.326982000Z","leverage":"20","orderStatus":"NEW","fee":"0","averagePrice":"0","dealAmount":"0","clientId":"1779450242996"}}
[2026-05-22 11:44:03.415824509] [INF] [bitunix] [on_message] [order], recv: {"ch":"order","ts":1779450243336,"data":{"event":"CLOSE","symbol":"BNBUSDT","orderId":"2057789583118938112","positionType":"CROSS","positionMode":"ONE_WAY","side":"Sell","effect":"IOC","type":"Limit","qty":"0.1","price":"689.82","ctime":"2026-05-22T11:44:03.157687000Z","mtime":"2026-05-22T11:44:03.327182000Z","leverage":"20","orderStatus":"CANCELED","fee":"0","averagePrice":"0","dealAmount":"0","clientId":"1779450242996"}}
[2026-05-22 11:44:03.551563739] [INF] [bitunix] [place_order] [success], recv: {"code":0,"data":{"orderId":"2057789583118938112","clientId":"1779450242996"},"msg":"Success"}
[2026-05-22 11:44:03.551565409] [INF] place_order callback result: OK
[2026-05-22 11:44:08.000488725] [INF] [bitunix] [place_order], send: {"symbol":"BNBUSDT","orderType":"LIMIT","side":"SELL","reduceOnly":false,"effect":"IOC","qty":"0.1","price":"689.8100000000001","clientId":"1779450248000"}
[2026-05-22 11:44:08.415952261] [INF] [bitunix] [on_message] [order], recv: {"ch":"order","ts":1779450248336,"data":{"event":"CREATE","symbol":"BNBUSDT","orderId":"2057789604107247616","positionType":"CROSS","positionMode":"ONE_WAY","side":"Sell","effect":"IOC","type":"Limit","qty":"0.1","price":"689.82","ctime":"2026-05-22T11:44:08.160799000Z","mtime":"2026-05-22T11:44:08.327868000Z","leverage":"20","orderStatus":"NEW","fee":"0","averagePrice":"0","dealAmount":"0","clientId":"1779450248000"}}
[2026-05-22 11:44:08.415957891] [INF] [bitunix] [on_message] [order], recv: {"ch":"order","ts":1779450248336,"data":{"event":"CLOSE","symbol":"BNBUSDT","orderId":"2057789604107247616","positionType":"CROSS","positionMode":"ONE_WAY","side":"Sell","effect":"IOC","type":"Limit","qty":"0.1","price":"689.82","ctime":"2026-05-22T11:44:08.160799000Z","mtime":"2026-05-22T11:44:08.328058000Z","leverage":"20","orderStatus":"CANCELED","fee":"0","averagePrice":"0","dealAmount":"0","clientId":"1779450248000"}}
[2026-05-22 11:44:08.547630689] [INF] [bitunix] [place_order] [success], recv: {"code":0,"data":{"orderId":"2057789604107247616","clientId":"1779450248000"},"msg":"Success"}
[2026-05-22 11:44:08.547632410] [INF] place_order callback result: OK
[2026-05-22 11:44:13.002420678] [INF] [bitunix] [place_order], send: {"symbol":"BNBUSDT","orderType":"LIMIT","side":"SELL","reduceOnly":false,"effect":"IOC","qty":"0.1","price":"689.8100000000001","clientId":"1779450253002"}
[2026-05-22 11:44:13.396141903] [INF] [bitunix] [on_message] [order], recv: {"ch":"order","ts":1779450253316,"data":{"event":"CREATE","symbol":"BNBUSDT","orderId":"2057789625061990400","positionType":"CROSS","positionMode":"ONE_WAY","side":"Sell","effect":"IOC","type":"Limit","qty":"0.1","price":"689.82","ctime":"2026-05-22T11:44:13.157330000Z","mtime":"2026-05-22T11:44:13.307534000Z","leverage":"20","orderStatus":"NEW","fee":"0","averagePrice":"0","dealAmount":"0","clientId":"1779450253002"}}
[2026-05-22 11:44:13.396147253] [INF] [bitunix] [on_message] [order], recv: {"ch":"order","ts":1779450253316,"data":{"event":"CLOSE","symbol":"BNBUSDT","orderId":"2057789625061990400","positionType":"CROSS","positionMode":"ONE_WAY","side":"Sell","effect":"IOC","type":"Limit","qty":"0.1","price":"689.82","ctime":"2026-05-22T11:44:13.157330000Z","mtime":"2026-05-22T11:44:13.307755000Z","leverage":"20","orderStatus":"CANCELED","fee":"0","averagePrice":"0","dealAmount":"0","clientId":"1779450253002"}}
[2026-05-22 11:44:13.544870194] [INF] [bitunix] [place_order] [success], recv: {"code":0,"data":{"orderId":"2057789625061990400","clientId":"1779450253002"},"msg":"Success"}
[2026-05-22 11:44:13.544871874] [INF] place_order callback result: OK
[2026-05-22 11:44:18.035292904] [INF] [bitunix] [place_order], send: {"symbol":"XRPUSDT","orderType":"LIMIT","side":"SELL","reduceOnly":false,"effect":"IOC","qty":"1","price":"1.4239000000000002","clientId":"1779450258035"}
[2026-05-22 11:44:18.265154276] [WRN] [bitunix] [place_order] [fail], recv: {"code":30016,"data":null,"msg":"The amount should be larger than 2 XRP"}
[2026-05-22 11:44:18.265161146] [WRN] place_order callback failed, because: TOO_SMALL_SIZE, TOO_SMALL_SIZE, {"code":30016,"data":null,"msg":"The amount should be larger than 2 XRP"}
[2026-05-22 11:44:23.053582904] [INF] [bitunix] [place_order], send: {"symbol":"SOLUSDT","orderType":"LIMIT","side":"SELL","reduceOnly":false,"effect":"IOC","qty":"0.1","price":"91.28","clientId":"1779450263053"}
[2026-05-22 11:44:23.416628292] [INF] [bitunix] [on_message] [order], recv: {"ch":"order","ts":1779450263337,"data":{"event":"CREATE","symbol":"SOLUSDT","orderId":"2057789667223044096","positionType":"CROSS","positionMode":"ONE_WAY","side":"Sell","effect":"IOC","type":"Limit","qty":"0.1","price":"91.28","ctime":"2026-05-22T11:44:23.209099000Z","mtime":"2026-05-22T11:44:23.334978000Z","leverage":"20","orderStatus":"NEW","fee":"0","averagePrice":"0","dealAmount":"0","clientId":"1779450263053"}}
[2026-05-22 11:44:23.426642353] [INF] [bitunix] [on_message] [order], recv: {"ch":"order","ts":1779450263346,"data":{"event":"CLOSE","symbol":"SOLUSDT","orderId":"2057789667223044096","positionType":"CROSS","positionMode":"ONE_WAY","side":"Sell","effect":"IOC","type":"Limit","qty":"0.1","price":"91.28","ctime":"2026-05-22T11:44:23.209099000Z","mtime":"2026-05-22T11:44:23.335211000Z","leverage":"20","orderStatus":"CANCELED","fee":"0","averagePrice":"0","dealAmount":"0","clientId":"1779450263053"}}
[2026-05-22 11:44:23.607470380] [INF] [bitunix] [place_order] [success], recv: {"code":0,"data":{"orderId":"2057789667223044096","clientId":"1779450263053"},"msg":"Success"}
[2026-05-22 11:44:23.607472120] [INF] place_order callback result: OK
[2026-05-22 11:44:28.220796541] [INF] [bitunix] [place_order], send: {"symbol":"SOLUSDT","orderType":"LIMIT","side":"SELL","reduceOnly":false,"effect":"IOC","qty":"0.1","price":"91.29","clientId":"1779450268220"}
[2026-05-22 11:44:28.606165396] [INF] [bitunix] [on_message] [order], recv: {"ch":"order","ts":1779450268527,"data":{"event":"CREATE","symbol":"SOLUSDT","orderId":"2057789688886624256","positionType":"CROSS","positionMode":"ONE_WAY","side":"Sell","effect":"IOC","type":"Limit","qty":"0.1","price":"91.29","ctime":"2026-05-22T11:44:28.374799000Z","mtime":"2026-05-22T11:44:28.524875000Z","leverage":"20","orderStatus":"NEW","fee":"0","averagePrice":"0","dealAmount":"0","clientId":"1779450268220"}}
[2026-05-22 11:44:28.616436490] [INF] [bitunix] [on_message] [order], recv: {"ch":"order","ts":1779450268537,"data":{"event":"CLOSE","symbol":"SOLUSDT","orderId":"2057789688886624256","positionType":"CROSS","positionMode":"ONE_WAY","side":"Sell","effect":"IOC","type":"Limit","qty":"0.1","price":"91.29","ctime":"2026-05-22T11:44:28.374799000Z","mtime":"2026-05-22T11:44:28.525119000Z","leverage":"20","orderStatus":"CANCELED","fee":"0","averagePrice":"0","dealAmount":"0","clientId":"1779450268220"}}
[2026-05-22 11:44:28.758925098] [INF] [bitunix] [place_order] [success], recv: {"code":0,"data":{"orderId":"2057789688886624256","clientId":"1779450268220"},"msg":"Success"}
[2026-05-22 11:44:28.758926768] [INF] place_order callback result: OK
[2026-05-22 11:44:33.225311209] [INF] [bitunix] [place_order], send: {"symbol":"BTCUSDT","orderType":"LIMIT","side":"SELL","reduceOnly":false,"effect":"IOC","qty":"0.001","price":"81175.1","clientId":"1779450273225"}
[2026-05-22 11:44:33.596172957] [INF] [bitunix] [on_message] [order], recv: {"ch":"order","ts":1779450273517,"data":{"event":"CREATE","symbol":"BTCUSDT","orderId":"2057789709879218176","positionType":"CROSS","positionMode":"ONE_WAY","side":"Sell","effect":"IOC","type":"Limit","qty":"0.001","price":"81175.1","ctime":"2026-05-22T11:44:33.379642000Z","mtime":"2026-05-22T11:44:33.513864000Z","leverage":"30","orderStatus":"NEW","fee":"0","averagePrice":"0","dealAmount":"0","clientId":"1779450273225"}}
[2026-05-22 11:44:33.606628913] [INF] [bitunix] [on_message] [order], recv: {"ch":"order","ts":1779450273527,"data":{"event":"CLOSE","symbol":"BTCUSDT","orderId":"2057789709879218176","positionType":"CROSS","positionMode":"ONE_WAY","side":"Sell","effect":"IOC","type":"Limit","qty":"0.001","price":"81175.1","ctime":"2026-05-22T11:44:33.379642000Z","mtime":"2026-05-22T11:44:33.514088000Z","leverage":"30","orderStatus":"CANCELED","fee":"0","averagePrice":"0","dealAmount":"0","clientId":"1779450273225"}}
[2026-05-22 11:44:33.762843140] [INF] [bitunix] [place_order] [success], recv: {"code":0,"data":{"orderId":"2057789709879218176","clientId":"1779450273225"},"msg":"Success"}
[2026-05-22 11:44:33.762844820] [INF] place_order callback result: OK
[2026-05-22 11:44:38.329533099] [INF] [bitunix] [place_order], send: {"symbol":"ETHUSDT","orderType":"LIMIT","side":"SELL","reduceOnly":false,"effect":"IOC","qty":"0.01","price":"2231.91","clientId":"1779450278329"}
[2026-05-22 11:44:38.726798335] [INF] [bitunix] [on_message] [order], recv: {"ch":"order","ts":1779450278647,"data":{"event":"CREATE","symbol":"ETHUSDT","orderId":"2057789731324592128","positionType":"CROSS","positionMode":"ONE_WAY","side":"Sell","effect":"IOC","type":"Limit","qty":"0.01","price":"2231.91","ctime":"2026-05-22T11:44:38.492848000Z","mtime":"2026-05-22T11:44:38.635619000Z","leverage":"20","orderStatus":"NEW","fee":"0","averagePrice":"0","dealAmount":"0","clientId":"1779450278329"}}
[2026-05-22 11:44:38.726802965] [INF] [bitunix] [on_message] [order], recv: {"ch":"order","ts":1779450278647,"data":{"event":"CLOSE","symbol":"ETHUSDT","orderId":"2057789731324592128","positionType":"CROSS","positionMode":"ONE_WAY","side":"Sell","effect":"IOC","type":"Limit","qty":"0.01","price":"2231.91","ctime":"2026-05-22T11:44:38.492848000Z","mtime":"2026-05-22T11:44:38.635834000Z","leverage":"20","orderStatus":"CANCELED","fee":"0","averagePrice":"0","dealAmount":"0","clientId":"1779450278329"}}
[2026-05-22 11:44:38.878292983] [INF] [bitunix] [place_order] [success], recv: {"code":0,"data":{"orderId":"2057789731324592128","clientId":"1779450278329"},"msg":"Success"}
[2026-05-22 11:44:38.878294553] [INF] place_order callback result: OK
[2026-05-22 11:44:43.345655144] [INF] [bitunix] [place_order], send: {"symbol":"BNBUSDT","orderType":"LIMIT","side":"SELL","reduceOnly":false,"effect":"IOC","qty":"0.1","price":"690.07","clientId":"1779450283345"}
[2026-05-22 11:44:43.706240332] [INF] [bitunix] [on_message] [order], recv: {"ch":"order","ts":1779450283627,"data":{"event":"CREATE","symbol":"BNBUSDT","orderId":"2057789752329666560","positionType":"CROSS","positionMode":"ONE_WAY","side":"Sell","effect":"IOC","type":"Limit","qty":"0.1","price":"690.07","ctime":"2026-05-22T11:44:43.500820000Z","mtime":"2026-05-22T11:44:43.617250000Z","leverage":"20","orderStatus":"NEW","fee":"0","averagePrice":"0","dealAmount":"0","clientId":"1779450283345"}}
[2026-05-22 11:44:43.706246032] [INF] [bitunix] [on_message] [order], recv: {"ch":"order","ts":1779450283627,"data":{"event":"CLOSE","symbol":"BNBUSDT","orderId":"2057789752329666560","positionType":"CROSS","positionMode":"ONE_WAY","side":"Sell","effect":"IOC","type":"Limit","qty":"0.1","price":"690.07","ctime":"2026-05-22T11:44:43.500820000Z","mtime":"2026-05-22T11:44:43.617481000Z","leverage":"20","orderStatus":"CANCELED","fee":"0","averagePrice":"0","dealAmount":"0","clientId":"1779450283345"}}
[2026-05-22 11:44:43.885323304] [INF] [bitunix] [place_order] [success], recv: {"code":0,"data":{"orderId":"2057789752329666560","clientId":"1779450283345"},"msg":"Success"}
[2026-05-22 11:44:43.885324904] [INF] place_order callback result: OK
[2026-05-22 11:44:48.375206548] [INF] [bitunix] [place_order], send: {"symbol":"SOLUSDT","orderType":"LIMIT","side":"SELL","reduceOnly":false,"effect":"IOC","qty":"0.1","price":"91.28","clientId":"1779450288375"}
[2026-05-22 11:44:48.676524127] [INF] [bitunix] [on_message] [order], recv: {"ch":"order","ts":1779450288597,"data":{"event":"CREATE","symbol":"SOLUSDT","orderId":"2057789773146095616","positionType":"CROSS","positionMode":"ONE_WAY","side":"Sell","effect":"IOC","type":"Limit","qty":"0.1","price":"91.28","ctime":"2026-05-22T11:44:48.463694000Z","mtime":"2026-05-22T11:44:48.585318000Z","leverage":"20","orderStatus":"NEW","fee":"0","averagePrice":"0","dealAmount":"0","clientId":"1779450288375"}}
[2026-05-22 11:44:48.676528997] [INF] [bitunix] [on_message] [order], recv: {"ch":"order","ts":1779450288597,"data":{"event":"CLOSE","symbol":"SOLUSDT","orderId":"2057789773146095616","positionType":"CROSS","positionMode":"ONE_WAY","side":"Sell","effect":"IOC","type":"Limit","qty":"0.1","price":"91.28","ctime":"2026-05-22T11:44:48.463694000Z","mtime":"2026-05-22T11:44:48.587617000Z","leverage":"20","orderStatus":"CANCELED","fee":"0","averagePrice":"0","dealAmount":"0","clientId":"1779450288375"}}
[2026-05-22 11:44:48.781406295] [INF] [bitunix] [place_order] [success], recv: {"code":0,"data":{"orderId":"2057789773146095616","clientId":"1779450288375"},"msg":"Success"}
[2026-05-22 11:44:48.781412285] [INF] place_order callback result: OK
[2026-05-22 11:44:53.488949067] [INF] [bitunix] [place_order], send: {"symbol":"SOLUSDT","orderType":"LIMIT","side":"SELL","reduceOnly":false,"effect":"IOC","qty":"0.1","price":"91.26","clientId":"1779450293488"}
[2026-05-22 11:44:53.866599306] [INF] [bitunix] [on_message] [order], recv: {"ch":"order","ts":1779450293787,"data":{"event":"CREATE","symbol":"SOLUSDT","orderId":"2057789794847367168","positionType":"CROSS","positionMode":"ONE_WAY","side":"Sell","effect":"IOC","type":"Limit","qty":"0.1","price":"91.26","ctime":"2026-05-22T11:44:53.637721000Z","mtime":"2026-05-22T11:44:53.784584000Z","leverage":"20","orderStatus":"NEW","fee":"0","averagePrice":"0","dealAmount":"0","clientId":"1779450293488"}}
[2026-05-22 11:44:53.875830189] [INF] [bitunix] [on_message] [order], recv: {"ch":"order","ts":1779450293796,"data":{"event":"CLOSE","symbol":"SOLUSDT","orderId":"2057789794847367168","positionType":"CROSS","positionMode":"ONE_WAY","side":"Sell","effect":"IOC","type":"Limit","qty":"0.1","price":"91.26","ctime":"2026-05-22T11:44:53.637721000Z","mtime":"2026-05-22T11:44:53.787941000Z","leverage":"20","orderStatus":"CANCELED","fee":"0","averagePrice":"0","dealAmount":"0","clientId":"1779450293488"}}
[2026-05-22 11:44:54.028887853] [INF] [bitunix] [place_order] [success], recv: {"code":0,"data":{"orderId":"2057789794847367168","clientId":"1779450293488"},"msg":"Success"}
[2026-05-22 11:44:54.028889233] [INF] place_order callback result: OK
[2026-05-22 11:44:58.547271185] [INF] [bitunix] [place_order], send: {"symbol":"SOLUSDT","orderType":"LIMIT","side":"SELL","reduceOnly":false,"effect":"IOC","qty":"0.1","price":"91.26","clientId":"1779450298547"}
[2026-05-22 11:44:58.928062247] [INF] [bitunix] [on_message] [order], recv: {"ch":"order","ts":1779450298848,"data":{"event":"CREATE","symbol":"SOLUSDT","orderId":"2057789816062160896","positionType":"CROSS","positionMode":"ONE_WAY","side":"Sell","effect":"IOC","type":"Limit","qty":"0.1","price":"91.26","ctime":"2026-05-22T11:44:58.696885000Z","mtime":"2026-05-22T11:44:58.836527000Z","leverage":"20","orderStatus":"NEW","fee":"0","averagePrice":"0","dealAmount":"0","clientId":"1779450298547"}}
[2026-05-22 11:44:58.928067057] [INF] [bitunix] [on_message] [order], recv: {"ch":"order","ts":1779450298848,"data":{"event":"CLOSE","symbol":"SOLUSDT","orderId":"2057789816062160896","positionType":"CROSS","positionMode":"ONE_WAY","side":"Sell","effect":"IOC","type":"Limit","qty":"0.1","price":"91.26","ctime":"2026-05-22T11:44:58.696885000Z","mtime":"2026-05-22T11:44:58.836768000Z","leverage":"20","orderStatus":"CANCELED","fee":"0","averagePrice":"0","dealAmount":"0","clientId":"1779450298547"}}
[2026-05-22 11:44:59.084351943] [INF] [bitunix] [place_order] [success], recv: {"code":0,"data":{"orderId":"2057789816062160896","clientId":"1779450298547"},"msg":"Success"}
[2026-05-22 11:44:59.084353443] [INF] place_order callback result: OK
[2026-05-22 11:45:03.549602116] [INF] [bitunix] [place_order], send: {"symbol":"XRPUSDT","orderType":"LIMIT","side":"SELL","reduceOnly":false,"effect":"IOC","qty":"1","price":"1.4236","clientId":"1779450303549"}
[2026-05-22 11:45:03.778132420] [WRN] [bitunix] [place_order] [fail], recv: {"code":30016,"data":null,"msg":"The amount should be larger than 2 XRP"}
[2026-05-22 11:45:03.778137870] [WRN] place_order callback failed, because: TOO_SMALL_SIZE, TOO_SMALL_SIZE, {"code":30016,"data":null,"msg":"The amount should be larger than 2 XRP"}
[2026-05-22 11:45:08.644267325] [INF] [bitunix] [place_order], send: {"symbol":"BTCUSDT","orderType":"LIMIT","side":"SELL","reduceOnly":false,"effect":"IOC","qty":"0.001","price":"81172.5","clientId":"1779450308644"}
[2026-05-22 11:45:09.016591007] [INF] [bitunix] [on_message] [order], recv: {"ch":"order","ts":1779450308937,"data":{"event":"CREATE","symbol":"BTCUSDT","orderId":"2057789858424586240","positionType":"CROSS","positionMode":"ONE_WAY","side":"Sell","effect":"IOC","type":"Limit","qty":"0.001","price":"81172.5","ctime":"2026-05-22T11:45:08.795565000Z","mtime":"2026-05-22T11:45:08.933748000Z","leverage":"30","orderStatus":"NEW","fee":"0","averagePrice":"0","dealAmount":"0","clientId":"1779450308644"}}
[2026-05-22 11:45:09.027642058] [INF] [bitunix] [on_message] [order], recv: {"ch":"order","ts":1779450308948,"data":{"event":"CLOSE","symbol":"BTCUSDT","orderId":"2057789858424586240","positionType":"CROSS","positionMode":"ONE_WAY","side":"Sell","effect":"IOC","type":"Limit","qty":"0.001","price":"81172.5","ctime":"2026-05-22T11:45:08.795565000Z","mtime":"2026-05-22T11:45:08.936042000Z","leverage":"30","orderStatus":"CANCELED","fee":"0","averagePrice":"0","dealAmount":"0","clientId":"1779450308644"}}
[2026-05-22 11:45:09.185673722] [INF] [bitunix] [place_order] [success], recv: {"code":0,"data":{"orderId":"2057789858424586240","clientId":"1779450308644"},"msg":"Success"}
[2026-05-22 11:45:09.185675162] [INF] place_order callback result: OK
[2026-05-22 11:45:13.668062565] [INF] [bitunix] [place_order], send: {"symbol":"BTCUSDT","orderType":"LIMIT","side":"SELL","reduceOnly":false,"effect":"IOC","qty":"0.001","price":"81172.5","clientId":"1779450313667"}
[2026-05-22 11:45:14.035998603] [INF] [bitunix] [on_message] [order], recv: {"ch":"order","ts":1779450313956,"data":{"event":"CREATE","symbol":"BTCUSDT","orderId":"2057789879488487424","positionType":"CROSS","positionMode":"ONE_WAY","side":"Sell","effect":"IOC","type":"Limit","qty":"0.001","price":"81172.5","ctime":"2026-05-22T11:45:13.818070000Z","mtime":"2026-05-22T11:45:13.952328000Z","leverage":"30","orderStatus":"NEW","fee":"0","averagePrice":"0","dealAmount":"0","clientId":"1779450313667"}}
[2026-05-22 11:45:14.046413877] [INF] [bitunix] [on_message] [order], recv: {"ch":"order","ts":1779450313967,"data":{"event":"CLOSE","symbol":"BTCUSDT","orderId":"2057789879488487424","positionType":"CROSS","positionMode":"ONE_WAY","side":"Sell","effect":"IOC","type":"Limit","qty":"0.001","price":"81172.5","ctime":"2026-05-22T11:45:13.818070000Z","mtime":"2026-05-22T11:45:13.955672000Z","leverage":"30","orderStatus":"CANCELED","fee":"0","averagePrice":"0","dealAmount":"0","clientId":"1779450313667"}}
[2026-05-22 11:45:14.211838456] [INF] [bitunix] [place_order] [success], recv: {"code":0,"data":{"orderId":"2057789879488487424","clientId":"1779450313667"},"msg":"Success"}
[2026-05-22 11:45:14.211840186] [INF] place_order callback result: OK
[2026-05-22 11:45:18.675840744] [INF] [bitunix] [place_order], send: {"symbol":"XRPUSDT","orderType":"LIMIT","side":"SELL","reduceOnly":false,"effect":"IOC","qty":"1","price":"1.4234","clientId":"1779450318675"}
[2026-05-22 11:45:18.901951193] [WRN] [bitunix] [place_order] [fail], recv: {"code":30016,"data":null,"msg":"The amount should be larger than 2 XRP"}
[2026-05-22 11:45:18.901958183] [WRN] place_order callback failed, because: TOO_SMALL_SIZE, TOO_SMALL_SIZE, {"code":30016,"data":null,"msg":"The amount should be larger than 2 XRP"}
[2026-05-22 11:45:23.680264136] [INF] [bitunix] [place_order], send: {"symbol":"XRPUSDT","orderType":"LIMIT","side":"SELL","reduceOnly":false,"effect":"IOC","qty":"1","price":"1.4235","clientId":"1779450323680"}
[2026-05-22 11:45:23.918063730] [WRN] [bitunix] [place_order] [fail], recv: {"code":30016,"data":null,"msg":"The amount should be larger than 2 XRP"}
[2026-05-22 11:45:23.918069990] [WRN] place_order callback failed, because: TOO_SMALL_SIZE, TOO_SMALL_SIZE, {"code":30016,"data":null,"msg":"The amount should be larger than 2 XRP"}
[2026-05-22 11:45:28.701459636] [INF] [bitunix] [place_order], send: {"symbol":"BNBUSDT","orderType":"LIMIT","side":"SELL","reduceOnly":false,"effect":"IOC","qty":"0.1","price":"689.82","clientId":"1779450328701"}
[2026-05-22 11:45:29.095978195] [INF] [bitunix] [on_message] [order], recv: {"ch":"order","ts":1779450329016,"data":{"event":"CREATE","symbol":"BNBUSDT","orderId":"2057789942583398400","positionType":"CROSS","positionMode":"ONE_WAY","side":"Sell","effect":"IOC","type":"Limit","qty":"0.1","price":"689.82","ctime":"2026-05-22T11:45:28.860770000Z","mtime":"2026-05-22T11:45:29.008434000Z","leverage":"20","orderStatus":"NEW","fee":"0","averagePrice":"0","dealAmount":"0","clientId":"1779450328701"}}
[2026-05-22 11:45:29.095984535] [INF] [bitunix] [on_message] [order], recv: {"ch":"order","ts":1779450329016,"data":{"event":"CLOSE","symbol":"BNBUSDT","orderId":"2057789942583398400","positionType":"CROSS","positionMode":"ONE_WAY","side":"Sell","effect":"IOC","type":"Limit","qty":"0.1","price":"689.82","ctime":"2026-05-22T11:45:28.860770000Z","mtime":"2026-05-22T11:45:29.008646000Z","leverage":"20","orderStatus":"CANCELED","fee":"0","averagePrice":"0","dealAmount":"0","clientId":"1779450328701"}}
[2026-05-22 11:45:29.249027653] [INF] [bitunix] [place_order] [success], recv: {"code":0,"data":{"orderId":"2057789942583398400","clientId":"1779450328701"},"msg":"Success"}
[2026-05-22 11:45:29.249029303] [INF] place_order callback result: OK
[2026-05-22 11:45:33.702913487] [INF] [bitunix] [place_order], send: {"symbol":"ETHUSDT","orderType":"LIMIT","side":"SELL","reduceOnly":false,"effect":"IOC","qty":"0.01","price":"2231.38","clientId":"1779450333702"}
[2026-05-22 11:45:34.096631330] [INF] [bitunix] [on_message] [order], recv: {"ch":"order","ts":1779450334017,"data":{"event":"CREATE","symbol":"ETHUSDT","orderId":"2057789963563204608","positionType":"CROSS","positionMode":"ONE_WAY","side":"Sell","effect":"IOC","type":"Limit","qty":"0.01","price":"2231.38","ctime":"2026-05-22T11:45:33.862599000Z","mtime":"2026-05-22T11:45:34.014122000Z","leverage":"20","orderStatus":"NEW","fee":"0","averagePrice":"0","dealAmount":"0","clientId":"1779450333702"}}
[2026-05-22 11:45:34.106656342] [INF] [bitunix] [on_message] [order], recv: {"ch":"order","ts":1779450334027,"data":{"event":"CLOSE","symbol":"ETHUSDT","orderId":"2057789963563204608","positionType":"CROSS","positionMode":"ONE_WAY","side":"Sell","effect":"IOC","type":"Limit","qty":"0.01","price":"2231.38","ctime":"2026-05-22T11:45:33.862599000Z","mtime":"2026-05-22T11:45:34.016439000Z","leverage":"20","orderStatus":"CANCELED","fee":"0","averagePrice":"0","dealAmount":"0","clientId":"1779450333702"}}
[2026-05-22 11:45:34.249258385] [INF] [bitunix] [place_order] [success], recv: {"code":0,"data":{"orderId":"2057789963563204608","clientId":"1779450333702"},"msg":"Success"}
[2026-05-22 11:45:34.249259695] [INF] place_order callback result: OK
[2026-05-22 11:45:38.882182007] [INF] [bitunix] [place_order], send: {"symbol":"XRPUSDT","orderType":"LIMIT","side":"SELL","reduceOnly":false,"effect":"IOC","qty":"1","price":"1.4235","clientId":"1779450338882"}
[2026-05-22 11:45:39.107420383] [WRN] [bitunix] [place_order] [fail], recv: {"code":30016,"data":null,"msg":"The amount should be larger than 2 XRP"}
[2026-05-22 11:45:39.107426573] [WRN] place_order callback failed, because: TOO_SMALL_SIZE, TOO_SMALL_SIZE, {"code":30016,"data":null,"msg":"The amount should be larger than 2 XRP"}
[2026-05-22 11:45:44.018689885] [INF] [bitunix] [place_order], send: {"symbol":"BTCUSDT","orderType":"LIMIT","side":"SELL","reduceOnly":false,"effect":"IOC","qty":"0.001","price":"81165.90000000001","clientId":"1779450344018"}
[2026-05-22 11:45:44.396181723] [INF] [bitunix] [on_message] [order], recv: {"ch":"order","ts":1779450344317,"data":{"event":"CREATE","symbol":"BTCUSDT","orderId":"2057790006814875648","positionType":"CROSS","positionMode":"ONE_WAY","side":"Sell","effect":"IOC","type":"Limit","qty":"0.001","price":"81166","ctime":"2026-05-22T11:45:44.175108000Z","mtime":"2026-05-22T11:45:44.312991000Z","leverage":"30","orderStatus":"NEW","fee":"0","averagePrice":"0","dealAmount":"0","clientId":"1779450344018"}}
[2026-05-22 11:45:44.406544518] [INF] [bitunix] [on_message] [order], recv: {"ch":"order","ts":1779450344327,"data":{"event":"CLOSE","symbol":"BTCUSDT","orderId":"2057790006814875648","positionType":"CROSS","positionMode":"ONE_WAY","side":"Sell","effect":"IOC","type":"Limit","qty":"0.001","price":"81166","ctime":"2026-05-22T11:45:44.175108000Z","mtime":"2026-05-22T11:45:44.313187000Z","leverage":"30","orderStatus":"CANCELED","fee":"0","averagePrice":"0","dealAmount":"0","clientId":"1779450344018"}}
[2026-05-22 11:45:44.560057654] [INF] [bitunix] [place_order] [success], recv: {"code":0,"data":{"orderId":"2057790006814875648","clientId":"1779450344018"},"msg":"Success"}
[2026-05-22 11:45:44.560059374] [INF] place_order callback result: OK
[2026-05-22 11:45:49.038836057] [INF] [bitunix] [place_order], send: {"symbol":"BTCUSDT","orderType":"LIMIT","side":"SELL","reduceOnly":false,"effect":"IOC","qty":"0.001","price":"81165.90000000001","clientId":"1779450349038"}
[2026-05-22 11:45:49.436027962] [INF] [bitunix] [on_message] [order], recv: {"ch":"order","ts":1779450349357,"data":{"event":"CREATE","symbol":"BTCUSDT","orderId":"2057790027882856448","positionType":"CROSS","positionMode":"ONE_WAY","side":"Sell","effect":"IOC","type":"Limit","qty":"0.001","price":"81166","ctime":"2026-05-22T11:45:49.197994000Z","mtime":"2026-05-22T11:45:49.353125000Z","leverage":"30","orderStatus":"NEW","fee":"0","averagePrice":"0","dealAmount":"0","clientId":"1779450349038"}}
[2026-05-22 11:45:49.445803171] [INF] [bitunix] [on_message] [order], recv: {"ch":"order","ts":1779450349366,"data":{"event":"CLOSE","symbol":"BTCUSDT","orderId":"2057790027882856448","positionType":"CROSS","positionMode":"ONE_WAY","side":"Sell","effect":"IOC","type":"Limit","qty":"0.001","price":"81166","ctime":"2026-05-22T11:45:49.197994000Z","mtime":"2026-05-22T11:45:49.353317000Z","leverage":"30","orderStatus":"CANCELED","fee":"0","averagePrice":"0","dealAmount":"0","clientId":"1779450349038"}}
[2026-05-22 11:45:49.585010422] [INF] [bitunix] [place_order] [success], recv: {"code":0,"data":{"orderId":"2057790027882856448","clientId":"1779450349038"},"msg":"Success"}
[2026-05-22 11:45:49.585012042] [INF] place_order callback result: OK
[2026-05-22 11:45:54.084209608] [INF] [bitunix] [place_order], send: {"symbol":"BNBUSDT","orderType":"LIMIT","side":"SELL","reduceOnly":false,"effect":"IOC","qty":"0.1","price":"689.8100000000001","clientId":"1779450354084"}
[2026-05-22 11:45:54.486388075] [INF] [bitunix] [on_message] [order], recv: {"ch":"order","ts":1779450354407,"data":{"event":"CREATE","symbol":"BNBUSDT","orderId":"2057790049022201856","positionType":"CROSS","positionMode":"ONE_WAY","side":"Sell","effect":"IOC","type":"Limit","qty":"0.1","price":"689.82","ctime":"2026-05-22T11:45:54.237395000Z","mtime":"2026-05-22T11:45:54.397613000Z","leverage":"20","orderStatus":"NEW","fee":"0","averagePrice":"0","dealAmount":"0","clientId":"1779450354084"}}
[2026-05-22 11:45:54.486394226] [INF] [bitunix] [on_message] [order], recv: {"ch":"order","ts":1779450354407,"data":{"event":"CLOSE","symbol":"BNBUSDT","orderId":"2057790049022201856","positionType":"CROSS","positionMode":"ONE_WAY","side":"Sell","effect":"IOC","type":"Limit","qty":"0.1","price":"689.82","ctime":"2026-05-22T11:45:54.237395000Z","mtime":"2026-05-22T11:45:54.399967000Z","leverage":"20","orderStatus":"CANCELED","fee":"0","averagePrice":"0","dealAmount":"0","clientId":"1779450354084"}}
[2026-05-22 11:45:54.624178592] [INF] [bitunix] [place_order] [success], recv: {"code":0,"data":{"orderId":"2057790049022201856","clientId":"1779450354084"},"msg":"Success"}
[2026-05-22 11:45:54.624180382] [INF] place_order callback result: OK
[2026-05-22 11:45:59.150468784] [INF] [bitunix] [place_order], send: {"symbol":"SOLUSDT","orderType":"LIMIT","side":"SELL","reduceOnly":false,"effect":"IOC","qty":"0.1","price":"91.25","clientId":"1779450359150"}
[2026-05-22 11:45:59.467055962] [INF] [bitunix] [on_message] [order], recv: {"ch":"order","ts":1779450359387,"data":{"event":"CREATE","symbol":"SOLUSDT","orderId":"2057790070006308864","positionType":"CROSS","positionMode":"ONE_WAY","side":"Sell","effect":"IOC","type":"Limit","qty":"0.1","price":"91.25","ctime":"2026-05-22T11:45:59.239785000Z","mtime":"2026-05-22T11:45:59.375297000Z","leverage":"20","orderStatus":"NEW","fee":"0","averagePrice":"0","dealAmount":"0","clientId":"1779450359150"}}
[2026-05-22 11:45:59.467061642] [INF] [bitunix] [on_message] [order], recv: {"ch":"order","ts":1779450359387,"data":{"event":"CLOSE","symbol":"SOLUSDT","orderId":"2057790070006308864","positionType":"CROSS","positionMode":"ONE_WAY","side":"Sell","effect":"IOC","type":"Limit","qty":"0.1","price":"91.25","ctime":"2026-05-22T11:45:59.239785000Z","mtime":"2026-05-22T11:45:59.377685000Z","leverage":"20","orderStatus":"CANCELED","fee":"0","averagePrice":"0","dealAmount":"0","clientId":"1779450359150"}}
[2026-05-22 11:45:59.563268487] [INF] [bitunix] [place_order] [success], recv: {"code":0,"data":{"orderId":"2057790070006308864","clientId":"1779450359150"},"msg":"Success"}
[2026-05-22 11:45:59.563274607] [INF] place_order callback result: OK
[2026-05-22 11:46:04.165980273] [INF] [bitunix] [place_order], send: {"symbol":"ETHUSDT","orderType":"LIMIT","side":"SELL","reduceOnly":false,"effect":"IOC","qty":"0.01","price":"2231.34","clientId":"1779450364165"}
[2026-05-22 11:46:04.586788179] [INF] [bitunix] [on_message] [order], recv: {"ch":"order","ts":1779450364507,"data":{"event":"CREATE","symbol":"ETHUSDT","orderId":"2057790091351064576","positionType":"CROSS","positionMode":"ONE_WAY","side":"Sell","effect":"IOC","type":"Limit","qty":"0.01","price":"2231.34","ctime":"2026-05-22T11:46:04.329978000Z","mtime":"2026-05-22T11:46:04.504237000Z","leverage":"20","orderStatus":"NEW","fee":"0","averagePrice":"0","dealAmount":"0","clientId":"1779450364165"}}
[2026-05-22 11:46:04.596527678] [INF] [bitunix] [on_message] [order], recv: {"ch":"order","ts":1779450364517,"data":{"event":"CLOSE","symbol":"ETHUSDT","orderId":"2057790091351064576","positionType":"CROSS","positionMode":"ONE_WAY","side":"Sell","effect":"IOC","type":"Limit","qty":"0.01","price":"2231.34","ctime":"2026-05-22T11:46:04.329978000Z","mtime":"2026-05-22T11:46:04.506547000Z","leverage":"20","orderStatus":"CANCELED","fee":"0","averagePrice":"0","dealAmount":"0","clientId":"1779450364165"}}
[2026-05-22 11:46:04.719381033] [INF] [bitunix] [place_order] [success], recv: {"code":0,"data":{"orderId":"2057790091351064576","clientId":"1779450364165"},"msg":"Success"}
[2026-05-22 11:46:04.719382453] [INF] place_order callback result: OK
[2026-05-22 11:46:09.172274393] [INF] [bitunix] [place_order], send: {"symbol":"SOLUSDT","orderType":"LIMIT","side":"SELL","reduceOnly":false,"effect":"IOC","qty":"0.1","price":"91.25","clientId":"1779450369172"}
[2026-05-22 11:46:09.595782711] [INF] [bitunix] [on_message] [order], recv: {"ch":"order","ts":1779450369516,"data":{"event":"CREATE","symbol":"SOLUSDT","orderId":"2057790112305897472","positionType":"CROSS","positionMode":"ONE_WAY","side":"Sell","effect":"IOC","type":"Limit","qty":"0.1","price":"91.25","ctime":"2026-05-22T11:46:09.325073000Z","mtime":"2026-05-22T11:46:09.515157000Z","leverage":"20","orderStatus":"NEW","fee":"0","averagePrice":"0","dealAmount":"0","clientId":"1779450369172"}}
[2026-05-22 11:46:09.606014635] [INF] [bitunix] [on_message] [order], recv: {"ch":"order","ts":1779450369527,"data":{"event":"CLOSE","symbol":"SOLUSDT","orderId":"2057790112305897472","positionType":"CROSS","positionMode":"ONE_WAY","side":"Sell","effect":"IOC","type":"Limit","qty":"0.1","price":"91.25","ctime":"2026-05-22T11:46:09.325073000Z","mtime":"2026-05-22T11:46:09.515373000Z","leverage":"20","orderStatus":"CANCELED","fee":"0","averagePrice":"0","dealAmount":"0","clientId":"1779450369172"}}
[2026-05-22 11:46:09.713259771] [INF] [bitunix] [place_order] [success], recv: {"code":0,"data":{"orderId":"2057790112305897472","clientId":"1779450369172"},"msg":"Success"}
[2026-05-22 11:46:09.713261241] [INF] place_order callback result: OK
[2026-05-22 11:46:14.200038684] [INF] [bitunix] [place_order], send: {"symbol":"ETHUSDT","orderType":"LIMIT","side":"SELL","reduceOnly":false,"effect":"IOC","qty":"0.01","price":"2231.26","clientId":"1779450374199"}
[2026-05-22 11:46:14.526658313] [INF] [bitunix] [on_message] [order], recv: {"ch":"order","ts":1779450374447,"data":{"event":"CREATE","symbol":"ETHUSDT","orderId":"2057790133092868096","positionType":"CROSS","positionMode":"ONE_WAY","side":"Sell","effect":"IOC","type":"Limit","qty":"0.01","price":"2231.26","ctime":"2026-05-22T11:46:14.281463000Z","mtime":"2026-05-22T11:46:14.444123000Z","leverage":"20","orderStatus":"NEW","fee":"0","averagePrice":"0","dealAmount":"0","clientId":"1779450374199"}}
[2026-05-22 11:46:14.536044718] [INF] [bitunix] [on_message] [order], recv: {"ch":"order","ts":1779450374457,"data":{"event":"CLOSE","symbol":"ETHUSDT","orderId":"2057790133092868096","positionType":"CROSS","positionMode":"ONE_WAY","side":"Sell","effect":"IOC","type":"Limit","qty":"0.01","price":"2231.26","ctime":"2026-05-22T11:46:14.281463000Z","mtime":"2026-05-22T11:46:14.444350000Z","leverage":"20","orderStatus":"CANCELED","fee":"0","averagePrice":"0","dealAmount":"0","clientId":"1779450374199"}}
[2026-05-22 11:46:14.600966665] [INF] [bitunix] [place_order] [success], recv: {"code":0,"data":{"orderId":"2057790133092868096","clientId":"1779450374199"},"msg":"Success"}
[2026-05-22 11:46:14.600973195] [INF] place_order callback result: OK
[2026-05-22 11:46:19.238773393] [INF] [bitunix] [place_order], send: {"symbol":"BTCUSDT","orderType":"LIMIT","side":"SELL","reduceOnly":false,"effect":"IOC","qty":"0.001","price":"81150.40000000001","clientId":"1779450379238"}
[2026-05-22 11:46:19.596262446] [INF] [bitunix] [on_message] [order], recv: {"ch":"order","ts":1779450379517,"data":{"event":"CREATE","symbol":"BTCUSDT","orderId":"2057790154529935360","positionType":"CROSS","positionMode":"ONE_WAY","side":"Sell","effect":"IOC","type":"Limit","qty":"0.001","price":"81150.5","ctime":"2026-05-22T11:46:19.393390000Z","mtime":"2026-05-22T11:46:19.513158000Z","leverage":"30","orderStatus":"NEW","fee":"0","averagePrice":"0","dealAmount":"0","clientId":"1779450379238"}}
[2026-05-22 11:46:19.605789852] [INF] [bitunix] [on_message] [order], recv: {"ch":"order","ts":1779450379526,"data":{"event":"CLOSE","symbol":"BTCUSDT","orderId":"2057790154529935360","positionType":"CROSS","positionMode":"ONE_WAY","side":"Sell","effect":"IOC","type":"Limit","qty":"0.001","price":"81150.5","ctime":"2026-05-22T11:46:19.393390000Z","mtime":"2026-05-22T11:46:19.513413000Z","leverage":"30","orderStatus":"CANCELED","fee":"0","averagePrice":"0","dealAmount":"0","clientId":"1779450379238"}}
[2026-05-22 11:46:19.780703454] [INF] [bitunix] [place_order] [success], recv: {"code":0,"data":{"orderId":"2057790154529935360","clientId":"1779450379238"},"msg":"Success"}
[2026-05-22 11:46:19.780704784] [INF] place_order callback result: OK
[2026-05-22 11:46:24.270259073] [INF] [bitunix] [place_order], send: {"symbol":"ETHUSDT","orderType":"LIMIT","side":"SELL","reduceOnly":false,"effect":"IOC","qty":"0.01","price":"2231.26","clientId":"1779450384270"}
[2026-05-22 11:46:24.640147335] [INF] [bitunix] [on_message] [order], recv: {"ch":"order","ts":1779450384561,"data":{"event":"CREATE","symbol":"ETHUSDT","orderId":"2057790175660781568","positionType":"CROSS","positionMode":"ONE_WAY","side":"Sell","effect":"IOC","type":"Limit","qty":"0.01","price":"2231.26","ctime":"2026-05-22T11:46:24.430502000Z","mtime":"2026-05-22T11:46:24.544785000Z","leverage":"20","orderStatus":"NEW","fee":"0","averagePrice":"0","dealAmount":"0","clientId":"1779450384270"}}
[2026-05-22 11:46:24.640244706] [INF] [bitunix] [on_message] [order], recv: {"ch":"order","ts":1779450384561,"data":{"event":"CLOSE","symbol":"ETHUSDT","orderId":"2057790175660781568","positionType":"CROSS","positionMode":"ONE_WAY","side":"Sell","effect":"IOC","type":"Limit","qty":"0.01","price":"2231.26","ctime":"2026-05-22T11:46:24.430502000Z","mtime":"2026-05-22T11:46:24.545003000Z","leverage":"20","orderStatus":"CANCELED","fee":"0","averagePrice":"0","dealAmount":"0","clientId":"1779450384270"}}
[2026-05-22 11:46:24.816753161] [INF] [bitunix] [place_order] [success], recv: {"code":0,"data":{"orderId":"2057790175660781568","clientId":"1779450384270"},"msg":"Success"}
[2026-05-22 11:46:24.816754481] [INF] place_order callback result: OK
[2026-05-22 11:46:29.272953965] [INF] [bitunix] [place_order], send: {"symbol":"BTCUSDT","orderType":"LIMIT","side":"SELL","reduceOnly":false,"effect":"IOC","qty":"0.001","price":"81156.8","clientId":"1779450389272"}
[2026-05-22 11:46:29.705929577] [INF] [bitunix] [on_message] [order], recv: {"ch":"order","ts":1779450389626,"data":{"event":"CREATE","symbol":"BTCUSDT","orderId":"2057790196703604736","positionType":"CROSS","positionMode":"ONE_WAY","side":"Sell","effect":"IOC","type":"Limit","qty":"0.001","price":"81156.8","ctime":"2026-05-22T11:46:29.448196000Z","mtime":"2026-05-22T11:46:29.623320000Z","leverage":"30","orderStatus":"NEW","fee":"0","averagePrice":"0","dealAmount":"0","clientId":"1779450389272"}}
[2026-05-22 11:46:29.716218121] [INF] [bitunix] [on_message] [order], recv: {"ch":"order","ts":1779450389637,"data":{"event":"CLOSE","symbol":"BTCUSDT","orderId":"2057790196703604736","positionType":"CROSS","positionMode":"ONE_WAY","side":"Sell","effect":"IOC","type":"Limit","qty":"0.001","price":"81156.8","ctime":"2026-05-22T11:46:29.448196000Z","mtime":"2026-05-22T11:46:29.623540000Z","leverage":"30","orderStatus":"CANCELED","fee":"0","averagePrice":"0","dealAmount":"0","clientId":"1779450389272"}}
[2026-05-22 11:46:29.834759980] [INF] [bitunix] [place_order] [success], recv: {"code":0,"data":{"orderId":"2057790196703604736","clientId":"1779450389272"},"msg":"Success"}
[2026-05-22 11:46:29.834761670] [INF] place_order callback result: OK
[2026-05-22 11:46:34.274181085] [INF] [bitunix] [place_order], send: {"symbol":"BTCUSDT","orderType":"LIMIT","side":"SELL","reduceOnly":false,"effect":"IOC","qty":"0.001","price":"81165","clientId":"1779450394274"}
[2026-05-22 11:46:34.656468648] [INF] [bitunix] [on_message] [order], recv: {"ch":"order","ts":1779450394577,"data":{"event":"CREATE","symbol":"BTCUSDT","orderId":"2057790217557741568","positionType":"CROSS","positionMode":"ONE_WAY","side":"Sell","effect":"IOC","type":"Limit","qty":"0.001","price":"81165","ctime":"2026-05-22T11:46:34.420683000Z","mtime":"2026-05-22T11:46:34.573951000Z","leverage":"30","orderStatus":"NEW","fee":"0","averagePrice":"0","dealAmount":"0","clientId":"1779450394274"}}
[2026-05-22 11:46:34.666657721] [INF] [bitunix] [on_message] [order], recv: {"ch":"order","ts":1779450394587,"data":{"event":"CLOSE","symbol":"BTCUSDT","orderId":"2057790217557741568","positionType":"CROSS","positionMode":"ONE_WAY","side":"Sell","effect":"IOC","type":"Limit","qty":"0.001","price":"81165","ctime":"2026-05-22T11:46:34.420683000Z","mtime":"2026-05-22T11:46:34.574184000Z","leverage":"30","orderStatus":"CANCELED","fee":"0","averagePrice":"0","dealAmount":"0","clientId":"1779450394274"}}
[2026-05-22 11:46:34.807927369] [INF] [bitunix] [place_order] [success], recv: {"code":0,"data":{"orderId":"2057790217557741568","clientId":"1779450394274"},"msg":"Success"}
[2026-05-22 11:46:34.807928889] [INF] place_order callback result: OK
[2026-05-22 11:46:39.281547301] [INF] [bitunix] [place_order], send: {"symbol":"XRPUSDT","orderType":"LIMIT","side":"SELL","reduceOnly":false,"effect":"IOC","qty":"1","price":"1.4242000000000001","clientId":"1779450399281"}
[2026-05-22 11:46:39.501878119] [WRN] [bitunix] [place_order] [fail], recv: {"code":30016,"data":null,"msg":"The amount should be larger than 2 XRP"}
[2026-05-22 11:46:39.501882999] [WRN] place_order callback failed, because: TOO_SMALL_SIZE, TOO_SMALL_SIZE, {"code":30016,"data":null,"msg":"The amount should be larger than 2 XRP"}
[2026-05-22 11:46:44.439804860] [INF] [bitunix] [place_order], send: {"symbol":"BTCUSDT","orderType":"LIMIT","side":"SELL","reduceOnly":false,"effect":"IOC","qty":"0.001","price":"81164.1","clientId":"1779450404439"}
[2026-05-22 11:46:44.845684816] [INF] [bitunix] [on_message] [order], recv: {"ch":"order","ts":1779450404766,"data":{"event":"CREATE","symbol":"BTCUSDT","orderId":"2057790260209639424","positionType":"CROSS","positionMode":"ONE_WAY","side":"Sell","effect":"IOC","type":"Limit","qty":"0.001","price":"81164.1","ctime":"2026-05-22T11:46:44.587619000Z","mtime":"2026-05-22T11:46:44.763396000Z","leverage":"30","orderStatus":"NEW","fee":"0","averagePrice":"0","dealAmount":"0","clientId":"1779450404439"}}
[2026-05-22 11:46:44.856672437] [INF] [bitunix] [on_message] [order], recv: {"ch":"order","ts":1779450404777,"data":{"event":"CLOSE","symbol":"BTCUSDT","orderId":"2057790260209639424","positionType":"CROSS","positionMode":"ONE_WAY","side":"Sell","effect":"IOC","type":"Limit","qty":"0.001","price":"81164.1","ctime":"2026-05-22T11:46:44.587619000Z","mtime":"2026-05-22T11:46:44.763616000Z","leverage":"30","orderStatus":"CANCELED","fee":"0","averagePrice":"0","dealAmount":"0","clientId":"1779450404439"}}
[2026-05-22 11:46:44.975127613] [INF] [bitunix] [place_order] [success], recv: {"code":0,"data":{"orderId":"2057790260209639424","clientId":"1779450404439"},"msg":"Success"}
[2026-05-22 11:46:44.975128893] [INF] place_order callback result: OK
[2026-05-22 11:46:49.487174993] [INF] [bitunix] [place_order], send: {"symbol":"BNBUSDT","orderType":"LIMIT","side":"SELL","reduceOnly":false,"effect":"IOC","qty":"0.1","price":"689.8100000000001","clientId":"1779450409487"}
[2026-05-22 11:46:49.487324385] [INF] | Exchange To Local | 94.71 | 92.00 | 159.00 | 3.22 | 94.00 | 101.00 | 106.00 | 122.00 | ms |, total: 3785
[2026-05-22 11:46:49.487333965] [INF] | Ob Recv To Parsed | 0.83 | 0.56 | 17.05 | 0.83 | 0.64 | 1.45 | 4.53 | 11.25 | us |, total: 3785
[2026-05-22 11:46:49.487442386] [INF] | Send To Sent | 67.23 | 45.91 | 99.12 | 11.85 | 67.00 | 83.21 | 88.29 | 88.29 | us |, total: 50
[2026-05-22 11:46:49.488141873] [INF] | Sent To Order Ack | 480.85 | 212.79 | 561.81 | 118.27 | 500.00 | 500.00 | 500.00 | 500.00 | ms |, total: 49
[2026-05-22 11:46:49.866617764] [INF] [bitunix] [on_message] [order], recv: {"ch":"order","ts":1779450409787,"data":{"event":"CREATE","symbol":"BNBUSDT","orderId":"2057790281390809088","positionType":"CROSS","positionMode":"ONE_WAY","side":"Sell","effect":"IOC","type":"Limit","qty":"0.1","price":"689.82","ctime":"2026-05-22T11:46:49.638711000Z","mtime":"2026-05-22T11:46:49.777986000Z","leverage":"20","orderStatus":"NEW","fee":"0","averagePrice":"0","dealAmount":"0","clientId":"1779450409487"}}
[2026-05-22 11:46:49.866623624] [INF] [bitunix] [on_message] [order], recv: {"ch":"order","ts":1779450409787,"data":{"event":"CLOSE","symbol":"BNBUSDT","orderId":"2057790281390809088","positionType":"CROSS","positionMode":"ONE_WAY","side":"Sell","effect":"IOC","type":"Limit","qty":"0.1","price":"689.82","ctime":"2026-05-22T11:46:49.638711000Z","mtime":"2026-05-22T11:46:49.780307000Z","leverage":"20","orderStatus":"CANCELED","fee":"0","averagePrice":"0","dealAmount":"0","clientId":"1779450409487"}}
[2026-05-22 11:46:50.023239935] [INF] [bitunix] [place_order] [success], recv: {"code":0,"data":{"orderId":"2057790281390809088","clientId":"1779450409487"},"msg":"Success"}
[2026-05-22 11:46:50.023241425] [INF] place_order callback result: OK
[2026-05-22 11:46:54.495353550] [INF] [bitunix] [place_order], send: {"symbol":"XRPUSDT","orderType":"LIMIT","side":"SELL","reduceOnly":false,"effect":"IOC","qty":"1","price":"1.4242000000000001","clientId":"1779450414495"}
[2026-05-22 11:46:54.722668555] [WRN] [bitunix] [place_order] [fail], recv: {"code":30016,"data":null,"msg":"The amount should be larger than 2 XRP"}
[2026-05-22 11:46:54.722675295] [WRN] place_order callback failed, because: TOO_SMALL_SIZE, TOO_SMALL_SIZE, {"code":30016,"data":null,"msg":"The amount should be larger than 2 XRP"}
[2026-05-22 11:46:59.631120567] [INF] [bitunix] [place_order], send: {"symbol":"BTCUSDT","orderType":"LIMIT","side":"SELL","reduceOnly":false,"effect":"IOC","qty":"0.001","price":"81163.1","clientId":"1779450419631"}
[2026-05-22 11:47:00.026054440] [INF] [bitunix] [on_message] [order], recv: {"ch":"order","ts":1779450419947,"data":{"event":"CREATE","symbol":"BTCUSDT","orderId":"2057790323942072320","positionType":"CROSS","positionMode":"ONE_WAY","side":"Sell","effect":"IOC","type":"Limit","qty":"0.001","price":"81163.1","ctime":"2026-05-22T11:46:59.785259000Z","mtime":"2026-05-22T11:46:59.943056000Z","leverage":"30","orderStatus":"NEW","fee":"0","averagePrice":"0","dealAmount":"0","clientId":"1779450419631"}}
[2026-05-22 11:47:00.036122292] [INF] [bitunix] [on_message] [order], recv: {"ch":"order","ts":1779450419957,"data":{"event":"CLOSE","symbol":"BTCUSDT","orderId":"2057790323942072320","positionType":"CROSS","positionMode":"ONE_WAY","side":"Sell","effect":"IOC","type":"Limit","qty":"0.001","price":"81163.1","ctime":"2026-05-22T11:46:59.785259000Z","mtime":"2026-05-22T11:46:59.946494000Z","leverage":"30","orderStatus":"CANCELED","fee":"0","averagePrice":"0","dealAmount":"0","clientId":"1779450419631"}}
[2026-05-22 11:47:00.174410603] [INF] [bitunix] [place_order] [success], recv: {"code":0,"data":{"orderId":"2057790323942072320","clientId":"1779450419631"},"msg":"Success"}
[2026-05-22 11:47:00.174412083] [INF] place_order callback result: OK
[2026-05-22 11:47:04.642144255] [INF] [bitunix] [place_order], send: {"symbol":"SOLUSDT","orderType":"LIMIT","side":"SELL","reduceOnly":false,"effect":"IOC","qty":"0.1","price":"91.29","clientId":"1779450424642"}
[2026-05-22 11:47:05.036175564] [INF] [bitunix] [on_message] [order], recv: {"ch":"order","ts":1779450424957,"data":{"event":"CREATE","symbol":"SOLUSDT","orderId":"2057790344968118272","positionType":"CROSS","positionMode":"ONE_WAY","side":"Sell","effect":"IOC","type":"Limit","qty":"0.1","price":"91.29","ctime":"2026-05-22T11:47:04.796891000Z","mtime":"2026-05-22T11:47:04.945620000Z","leverage":"20","orderStatus":"NEW","fee":"0","averagePrice":"0","dealAmount":"0","clientId":"1779450424642"}}
[2026-05-22 11:47:05.036362745] [INF] [bitunix] [on_message] [order], recv: {"ch":"order","ts":1779450424957,"data":{"event":"CLOSE","symbol":"SOLUSDT","orderId":"2057790344968118272","positionType":"CROSS","positionMode":"ONE_WAY","side":"Sell","effect":"IOC","type":"Limit","qty":"0.1","price":"91.29","ctime":"2026-05-22T11:47:04.796891000Z","mtime":"2026-05-22T11:47:04.947907000Z","leverage":"20","orderStatus":"CANCELED","fee":"0","averagePrice":"0","dealAmount":"0","clientId":"1779450424642"}}
[2026-05-22 11:47:05.186287305] [INF] [bitunix] [place_order] [success], recv: {"code":0,"data":{"orderId":"2057790344968118272","clientId":"1779450424642"},"msg":"Success"}
[2026-05-22 11:47:05.186288665] [INF] place_order callback result: OK
[2026-05-22 11:47:09.667268930] [INF] [bitunix] [place_order], send: {"symbol":"SOLUSDT","orderType":"LIMIT","side":"SELL","reduceOnly":false,"effect":"IOC","qty":"0.1","price":"91.29","clientId":"1779450429667"}
[2026-05-22 11:47:10.096076060] [INF] [bitunix] [on_message] [order], recv: {"ch":"order","ts":1779450430016,"data":{"event":"CREATE","symbol":"SOLUSDT","orderId":"2057790366052884480","positionType":"CROSS","positionMode":"ONE_WAY","side":"Sell","effect":"IOC","type":"Limit","qty":"0.1","price":"91.29","ctime":"2026-05-22T11:47:09.825047000Z","mtime":"2026-05-22T11:47:10.005344000Z","leverage":"20","orderStatus":"NEW","fee":"0","averagePrice":"0","dealAmount":"0","clientId":"1779450429667"}}
[2026-05-22 11:47:10.096200181] [INF] [bitunix] [on_message] [order], recv: {"ch":"order","ts":1779450430016,"data":{"event":"CLOSE","symbol":"SOLUSDT","orderId":"2057790366052884480","positionType":"CROSS","positionMode":"ONE_WAY","side":"Sell","effect":"IOC","type":"Limit","qty":"0.1","price":"91.29","ctime":"2026-05-22T11:47:09.825047000Z","mtime":"2026-05-22T11:47:10.005561000Z","leverage":"20","orderStatus":"CANCELED","fee":"0","averagePrice":"0","dealAmount":"0","clientId":"1779450429667"}}
[2026-05-22 11:47:10.215384602] [INF] [bitunix] [place_order] [success], recv: {"code":0,"data":{"orderId":"2057790366052884480","clientId":"1779450429667"},"msg":"Success"}
[2026-05-22 11:47:10.215385992] [INF] place_order callback result: OK
[2026-05-22 11:47:14.687699903] [INF] [bitunix] [place_order], send: {"symbol":"XRPUSDT","orderType":"LIMIT","side":"SELL","reduceOnly":false,"effect":"IOC","qty":"1","price":"1.4246","clientId":"1779450434687"}
[2026-05-22 11:47:14.925315339] [WRN] [bitunix] [place_order] [fail], recv: {"code":30016,"data":null,"msg":"The amount should be larger than 2 XRP"}
[2026-05-22 11:47:14.925317939] [WRN] place_order callback failed, because: TOO_SMALL_SIZE, TOO_SMALL_SIZE, {"code":30016,"data":null,"msg":"The amount should be larger than 2 XRP"}
[2026-05-22 11:47:19.790187764] [INF] [bitunix] [place_order], send: {"symbol":"BNBUSDT","orderType":"LIMIT","side":"SELL","reduceOnly":false,"effect":"IOC","qty":"0.1","price":"689.85","clientId":"1779450439790"}
[2026-05-22 11:47:20.185748510] [INF] [bitunix] [on_message] [order], recv: {"ch":"order","ts":1779450440106,"data":{"event":"CREATE","symbol":"BNBUSDT","orderId":"2057790408545378304","positionType":"CROSS","positionMode":"ONE_WAY","side":"Sell","effect":"IOC","type":"Limit","qty":"0.1","price":"689.85","ctime":"2026-05-22T11:47:19.955388000Z","mtime":"2026-05-22T11:47:20.097438000Z","leverage":"20","orderStatus":"NEW","fee":"0","averagePrice":"0","dealAmount":"0","clientId":"1779450439790"}}
[2026-05-22 11:47:20.185805331] [INF] [bitunix] [on_message] [order], recv: {"ch":"order","ts":1779450440106,"data":{"event":"CLOSE","symbol":"BNBUSDT","orderId":"2057790408545378304","positionType":"CROSS","positionMode":"ONE_WAY","side":"Sell","effect":"IOC","type":"Limit","qty":"0.1","price":"689.85","ctime":"2026-05-22T11:47:19.955388000Z","mtime":"2026-05-22T11:47:20.099836000Z","leverage":"20","orderStatus":"CANCELED","fee":"0","averagePrice":"0","dealAmount":"0","clientId":"1779450439790"}}
[2026-05-22 11:47:20.344685254] [INF] [bitunix] [place_order] [success], recv: {"code":0,"data":{"orderId":"2057790408545378304","clientId":"1779450439790"},"msg":"Success"}
[2026-05-22 11:47:20.344686884] [INF] place_order callback result: OK
[2026-05-22 11:47:24.802411021] [INF] [bitunix] [place_order], send: {"symbol":"BNBUSDT","orderType":"LIMIT","side":"SELL","reduceOnly":false,"effect":"IOC","qty":"0.1","price":"689.85","clientId":"1779450444802"}
[2026-05-22 11:47:25.145949095] [INF] [bitunix] [on_message] [order], recv: {"ch":"order","ts":1779450445066,"data":{"event":"CREATE","symbol":"BNBUSDT","orderId":"2057790429550452736","positionType":"CROSS","positionMode":"ONE_WAY","side":"Sell","effect":"IOC","type":"Limit","qty":"0.1","price":"689.85","ctime":"2026-05-22T11:47:24.963602000Z","mtime":"2026-05-22T11:47:25.063259000Z","leverage":"20","orderStatus":"NEW","fee":"0","averagePrice":"0","dealAmount":"0","clientId":"1779450444802"}}
[2026-05-22 11:47:25.155794074] [INF] [bitunix] [on_message] [order], recv: {"ch":"order","ts":1779450445076,"data":{"event":"CLOSE","symbol":"BNBUSDT","orderId":"2057790429550452736","positionType":"CROSS","positionMode":"ONE_WAY","side":"Sell","effect":"IOC","type":"Limit","qty":"0.1","price":"689.85","ctime":"2026-05-22T11:47:24.963602000Z","mtime":"2026-05-22T11:47:25.065558000Z","leverage":"20","orderStatus":"CANCELED","fee":"0","averagePrice":"0","dealAmount":"0","clientId":"1779450444802"}}
[2026-05-22 11:47:25.351294604] [INF] [bitunix] [place_order] [success], recv: {"code":0,"data":{"orderId":"2057790429550452736","clientId":"1779450444802"},"msg":"Success"}
[2026-05-22 11:47:25.351296064] [INF] place_order callback result: OK
[2026-05-22 11:47:26.821465634] [INF] signal 2 received, graceful shutdown
[2026-05-22 11:47:26.821528775] [INF] [bitunix] [unsubscribe_orderbook] [success]
